Archive member included to satisfy reference by file (symbol)

c:/nrf52/gnu tools arm embedded/5.4 2016q3/bin/../lib/gcc/arm-none-eabi/5.4.1/../../../../arm-none-eabi/lib/armv7e-m/fpu\libc_nano.a(lib_a-exit.o)
                              c:/nrf52/gnu tools arm embedded/5.4 2016q3/bin/../lib/gcc/arm-none-eabi/5.4.1/../../../../arm-none-eabi/lib/armv7e-m/fpu/crt0.o (exit)
c:/nrf52/gnu tools arm embedded/5.4 2016q3/bin/../lib/gcc/arm-none-eabi/5.4.1/../../../../arm-none-eabi/lib/armv7e-m/fpu\libc_nano.a(lib_a-impure.o)
                              c:/nrf52/gnu tools arm embedded/5.4 2016q3/bin/../lib/gcc/arm-none-eabi/5.4.1/../../../../arm-none-eabi/lib/armv7e-m/fpu\libc_nano.a(lib_a-exit.o) (_global_impure_ptr)
c:/nrf52/gnu tools arm embedded/5.4 2016q3/bin/../lib/gcc/arm-none-eabi/5.4.1/../../../../arm-none-eabi/lib/armv7e-m/fpu\libc_nano.a(lib_a-init.o)
                              c:/nrf52/gnu tools arm embedded/5.4 2016q3/bin/../lib/gcc/arm-none-eabi/5.4.1/../../../../arm-none-eabi/lib/armv7e-m/fpu/crt0.o (__libc_init_array)
c:/nrf52/gnu tools arm embedded/5.4 2016q3/bin/../lib/gcc/arm-none-eabi/5.4.1/../../../../arm-none-eabi/lib/armv7e-m/fpu\libc_nano.a(lib_a-memset.o)
                              c:/nrf52/gnu tools arm embedded/5.4 2016q3/bin/../lib/gcc/arm-none-eabi/5.4.1/../../../../arm-none-eabi/lib/armv7e-m/fpu/crt0.o (memset)
c:/nrf52/gnu tools arm embedded/5.4 2016q3/bin/../lib/gcc/arm-none-eabi/5.4.1/armv7e-m/fpu\libgcc.a(unwind-arm.o)
                              ./src/main.o (__aeabi_unwind_cpp_pr1)
c:/nrf52/gnu tools arm embedded/5.4 2016q3/bin/../lib/gcc/arm-none-eabi/5.4.1/armv7e-m/fpu\libgcc.a(libunwind.o)
                              c:/nrf52/gnu tools arm embedded/5.4 2016q3/bin/../lib/gcc/arm-none-eabi/5.4.1/armv7e-m/fpu\libgcc.a(unwind-arm.o) (restore_core_regs)
c:/nrf52/gnu tools arm embedded/5.4 2016q3/bin/../lib/gcc/arm-none-eabi/5.4.1/armv7e-m/fpu\libgcc.a(pr-support.o)
                              c:/nrf52/gnu tools arm embedded/5.4 2016q3/bin/../lib/gcc/arm-none-eabi/5.4.1/armv7e-m/fpu\libgcc.a(unwind-arm.o) (__gnu_unwind_execute)
c:/nrf52/gnu tools arm embedded/5.4 2016q3/bin/../lib/gcc/arm-none-eabi/5.4.1/../../../../arm-none-eabi/lib/armv7e-m/fpu\libg_nano.a(lib_a-abort.o)
                              c:/nrf52/gnu tools arm embedded/5.4 2016q3/bin/../lib/gcc/arm-none-eabi/5.4.1/armv7e-m/fpu\libgcc.a(unwind-arm.o) (abort)
c:/nrf52/gnu tools arm embedded/5.4 2016q3/bin/../lib/gcc/arm-none-eabi/5.4.1/../../../../arm-none-eabi/lib/armv7e-m/fpu\libg_nano.a(lib_a-memcpy-stub.o)
                              c:/nrf52/gnu tools arm embedded/5.4 2016q3/bin/../lib/gcc/arm-none-eabi/5.4.1/armv7e-m/fpu\libgcc.a(unwind-arm.o) (memcpy)
c:/nrf52/gnu tools arm embedded/5.4 2016q3/bin/../lib/gcc/arm-none-eabi/5.4.1/../../../../arm-none-eabi/lib/armv7e-m/fpu\libg_nano.a(lib_a-signal.o)
                              c:/nrf52/gnu tools arm embedded/5.4 2016q3/bin/../lib/gcc/arm-none-eabi/5.4.1/../../../../arm-none-eabi/lib/armv7e-m/fpu\libg_nano.a(lib_a-abort.o) (raise)
c:/nrf52/gnu tools arm embedded/5.4 2016q3/bin/../lib/gcc/arm-none-eabi/5.4.1/../../../../arm-none-eabi/lib/armv7e-m/fpu\libg_nano.a(lib_a-signalr.o)
                              c:/nrf52/gnu tools arm embedded/5.4 2016q3/bin/../lib/gcc/arm-none-eabi/5.4.1/../../../../arm-none-eabi/lib/armv7e-m/fpu\libg_nano.a(lib_a-signal.o) (_kill_r)
c:/nrf52/gnu tools arm embedded/5.4 2016q3/bin/../lib/gcc/arm-none-eabi/5.4.1/../../../../arm-none-eabi/lib/armv7e-m/fpu\libg_nano.a(lib_a-nano-mallocr.o)
                              c:/nrf52/gnu tools arm embedded/5.4 2016q3/bin/../lib/gcc/arm-none-eabi/5.4.1/../../../../arm-none-eabi/lib/armv7e-m/fpu\libg_nano.a(lib_a-signal.o) (_malloc_r)
c:/nrf52/gnu tools arm embedded/5.4 2016q3/bin/../lib/gcc/arm-none-eabi/5.4.1/../../../../arm-none-eabi/lib/armv7e-m/fpu\libg_nano.a(lib_a-reent.o)
                              c:/nrf52/gnu tools arm embedded/5.4 2016q3/bin/../lib/gcc/arm-none-eabi/5.4.1/../../../../arm-none-eabi/lib/armv7e-m/fpu\libg_nano.a(lib_a-signalr.o) (errno)
c:/nrf52/gnu tools arm embedded/5.4 2016q3/bin/../lib/gcc/arm-none-eabi/5.4.1/../../../../arm-none-eabi/lib/armv7e-m/fpu\libg_nano.a(lib_a-sbrkr.o)
                              c:/nrf52/gnu tools arm embedded/5.4 2016q3/bin/../lib/gcc/arm-none-eabi/5.4.1/../../../../arm-none-eabi/lib/armv7e-m/fpu\libg_nano.a(lib_a-nano-mallocr.o) (_sbrk_r)
c:/nrf52/gnu tools arm embedded/5.4 2016q3/bin/../lib/gcc/arm-none-eabi/5.4.1/../../../../arm-none-eabi/lib/armv7e-m/fpu\libg_nano.a(lib_a-mlock.o)
                              c:/nrf52/gnu tools arm embedded/5.4 2016q3/bin/../lib/gcc/arm-none-eabi/5.4.1/../../../../arm-none-eabi/lib/armv7e-m/fpu\libg_nano.a(lib_a-nano-mallocr.o) (__malloc_lock)
c:/nrf52/gnu tools arm embedded/5.4 2016q3/bin/../lib/gcc/arm-none-eabi/5.4.1/../../../../arm-none-eabi/lib/armv7e-m/fpu\libg_nano.a(lib_a-nano-freer.o)
                              c:/nrf52/gnu tools arm embedded/5.4 2016q3/bin/../lib/gcc/arm-none-eabi/5.4.1/../../../../arm-none-eabi/lib/armv7e-m/fpu\libg_nano.a(lib_a-reent.o) (_free_r)
c:/nrf52/gnu tools arm embedded/5.4 2016q3/bin/../lib/gcc/arm-none-eabi/5.4.1/../../../../arm-none-eabi/lib/armv7e-m/fpu\libnosys.a(getpid.o)
                              c:/nrf52/gnu tools arm embedded/5.4 2016q3/bin/../lib/gcc/arm-none-eabi/5.4.1/../../../../arm-none-eabi/lib/armv7e-m/fpu\libg_nano.a(lib_a-signalr.o) (_getpid)
c:/nrf52/gnu tools arm embedded/5.4 2016q3/bin/../lib/gcc/arm-none-eabi/5.4.1/../../../../arm-none-eabi/lib/armv7e-m/fpu\libnosys.a(kill.o)
                              c:/nrf52/gnu tools arm embedded/5.4 2016q3/bin/../lib/gcc/arm-none-eabi/5.4.1/../../../../arm-none-eabi/lib/armv7e-m/fpu\libg_nano.a(lib_a-signalr.o) (_kill)
c:/nrf52/gnu tools arm embedded/5.4 2016q3/bin/../lib/gcc/arm-none-eabi/5.4.1/../../../../arm-none-eabi/lib/armv7e-m/fpu\libnosys.a(sbrk.o)
                              c:/nrf52/gnu tools arm embedded/5.4 2016q3/bin/../lib/gcc/arm-none-eabi/5.4.1/../../../../arm-none-eabi/lib/armv7e-m/fpu\libg_nano.a(lib_a-sbrkr.o) (_sbrk)
c:/nrf52/gnu tools arm embedded/5.4 2016q3/bin/../lib/gcc/arm-none-eabi/5.4.1/../../../../arm-none-eabi/lib/armv7e-m/fpu\libnosys.a(_exit.o)
                              c:/nrf52/gnu tools arm embedded/5.4 2016q3/bin/../lib/gcc/arm-none-eabi/5.4.1/../../../../arm-none-eabi/lib/armv7e-m/fpu\libc_nano.a(lib_a-exit.o) (_exit)

Allocating common symbols
Common symbol       size              file

errno               0x4               c:/nrf52/gnu tools arm embedded/5.4 2016q3/bin/../lib/gcc/arm-none-eabi/5.4.1/../../../../arm-none-eabi/lib/armv7e-m/fpu\libg_nano.a(lib_a-reent.o)

Discarded input sections

 .text          0x00000000        0x0 c:/nrf52/gnu tools arm embedded/5.4 2016q3/bin/../lib/gcc/arm-none-eabi/5.4.1/armv7e-m/fpu/crti.o
 .data          0x00000000        0x0 c:/nrf52/gnu tools arm embedded/5.4 2016q3/bin/../lib/gcc/arm-none-eabi/5.4.1/armv7e-m/fpu/crti.o
 .bss           0x00000000        0x0 c:/nrf52/gnu tools arm embedded/5.4 2016q3/bin/../lib/gcc/arm-none-eabi/5.4.1/armv7e-m/fpu/crti.o
 .data          0x00000000        0x4 c:/nrf52/gnu tools arm embedded/5.4 2016q3/bin/../lib/gcc/arm-none-eabi/5.4.1/armv7e-m/fpu/crtbegin.o
 .data          0x00000000        0x0 c:/nrf52/gnu tools arm embedded/5.4 2016q3/bin/../lib/gcc/arm-none-eabi/5.4.1/../../../../arm-none-eabi/lib/armv7e-m/fpu/crt0.o
 .bss           0x00000000        0x0 c:/nrf52/gnu tools arm embedded/5.4 2016q3/bin/../lib/gcc/arm-none-eabi/5.4.1/../../../../arm-none-eabi/lib/armv7e-m/fpu/crt0.o
 .ARM.extab     0x00000000        0x0 c:/nrf52/gnu tools arm embedded/5.4 2016q3/bin/../lib/gcc/arm-none-eabi/5.4.1/../../../../arm-none-eabi/lib/armv7e-m/fpu/crt0.o
 .group         0x00000000        0x8 ./src/main.o
 .group         0x00000000        0x8 ./src/main.o
 .group         0x00000000        0x8 ./src/main.o
 .group         0x00000000        0x8 ./src/main.o
 .group         0x00000000        0x8 ./src/main.o
 .group         0x00000000        0x8 ./src/main.o
 .group         0x00000000        0x8 ./src/main.o
 .group         0x00000000        0x8 ./src/main.o
 .group         0x00000000        0x8 ./src/main.o
 .group         0x00000000        0x8 ./src/main.o
 .group         0x00000000        0x8 ./src/main.o
 .group         0x00000000        0x8 ./src/main.o
 .group         0x00000000        0x8 ./src/main.o
 .group         0x00000000        0x8 ./src/main.o
 .group         0x00000000        0x8 ./src/main.o
 .group         0x00000000        0x8 ./src/main.o
 .group         0x00000000        0x8 ./src/main.o
 .group         0x00000000        0x8 ./src/main.o
 .group         0x00000000        0x8 ./src/main.o
 .group         0x00000000        0x8 ./src/main.o
 .group         0x00000000        0x8 ./src/main.o
 .group         0x00000000        0x8 ./src/main.o
 .group         0x00000000        0x8 ./src/main.o
 .group         0x00000000        0x8 ./src/main.o
 .group         0x00000000        0x8 ./src/main.o
 .group         0x00000000        0x8 ./src/main.o
 .group         0x00000000        0x8 ./src/main.o
 .group         0x00000000        0x8 ./src/main.o
 .group         0x00000000        0x8 ./src/main.o
 .group         0x00000000        0x8 ./src/main.o
 .group         0x00000000        0x8 ./src/main.o
 .group         0x00000000        0x8 ./src/main.o
 .group         0x00000000        0x8 ./src/main.o
 .group         0x00000000        0x8 ./src/main.o
 .group         0x00000000        0x8 ./src/main.o
 .group         0x00000000        0x8 ./src/main.o
 .group         0x00000000        0x8 ./src/main.o
 .group         0x00000000        0x8 ./src/main.o
 .group         0x00000000        0x8 ./src/main.o
 .group         0x00000000        0x8 ./src/main.o
 .group         0x00000000        0x8 ./src/main.o
 .group         0x00000000        0x8 ./src/main.o
 .group         0x00000000        0x8 ./src/main.o
 .group         0x00000000        0x8 ./src/main.o
 .group         0x00000000        0x8 ./src/main.o
 .group         0x00000000        0x8 ./src/main.o
 .group         0x00000000        0x8 ./src/main.o
 .group         0x00000000        0x8 ./src/main.o
 .group         0x00000000        0x8 ./src/main.o
 .group         0x00000000        0x8 ./src/main.o
 .group         0x00000000        0x8 ./src/main.o
 .group         0x00000000        0x8 ./src/main.o
 .group         0x00000000        0x8 ./src/main.o
 .group         0x00000000        0x8 ./src/main.o
 .group         0x00000000        0x8 ./src/main.o
 .text          0x00000000        0x0 ./src/main.o
 .data          0x00000000        0x0 ./src/main.o
 .bss           0x00000000        0x0 ./src/main.o
 .ARM.extab.text.nrf_delay_us
                0x00000000        0x0 ./src/main.o
 .ARM.extab.text.nrf_delay_ms
                0x00000000        0x0 ./src/main.o
 .group         0x00000000        0x8 ./sdk/boards.o
 .group         0x00000000        0x8 ./sdk/boards.o
 .group         0x00000000        0x8 ./sdk/boards.o
 .group         0x00000000        0x8 ./sdk/boards.o
 .group         0x00000000        0x8 ./sdk/boards.o
 .group         0x00000000        0x8 ./sdk/boards.o
 .group         0x00000000        0x8 ./sdk/boards.o
 .group         0x00000000        0x8 ./sdk/boards.o
 .group         0x00000000        0x8 ./sdk/boards.o
 .group         0x00000000        0x8 ./sdk/boards.o
 .group         0x00000000        0x8 ./sdk/boards.o
 .group         0x00000000        0x8 ./sdk/boards.o
 .group         0x00000000        0x8 ./sdk/boards.o
 .group         0x00000000        0x8 ./sdk/boards.o
 .group         0x00000000        0x8 ./sdk/boards.o
 .group         0x00000000        0x8 ./sdk/boards.o
 .group         0x00000000        0x8 ./sdk/boards.o
 .group         0x00000000        0x8 ./sdk/boards.o
 .group         0x00000000        0x8 ./sdk/boards.o
 .group         0x00000000        0x8 ./sdk/boards.o
 .group         0x00000000        0x8 ./sdk/boards.o
 .group         0x00000000        0x8 ./sdk/boards.o
 .group         0x00000000        0x8 ./sdk/boards.o
 .group         0x00000000        0x8 ./sdk/boards.o
 .group         0x00000000        0x8 ./sdk/boards.o
 .group         0x00000000        0x8 ./sdk/boards.o
 .group         0x00000000        0x8 ./sdk/boards.o
 .group         0x00000000        0x8 ./sdk/boards.o
 .group         0x00000000        0x8 ./sdk/boards.o
 .group         0x00000000        0x8 ./sdk/boards.o
 .group         0x00000000        0x8 ./sdk/boards.o
 .group         0x00000000        0x8 ./sdk/boards.o
 .group         0x00000000        0x8 ./sdk/boards.o
 .group         0x00000000        0x8 ./sdk/boards.o
 .group         0x00000000        0x8 ./sdk/boards.o
 .group         0x00000000        0x8 ./sdk/boards.o
 .group         0x00000000        0x8 ./sdk/boards.o
 .group         0x00000000        0x8 ./sdk/boards.o
 .group         0x00000000        0x8 ./sdk/boards.o
 .group         0x00000000        0x8 ./sdk/boards.o
 .group         0x00000000        0x8 ./sdk/boards.o
 .group         0x00000000        0x8 ./sdk/boards.o
 .group         0x00000000        0x8 ./sdk/boards.o
 .group         0x00000000        0x8 ./sdk/boards.o
 .group         0x00000000        0x8 ./sdk/boards.o
 .group         0x00000000        0x8 ./sdk/boards.o
 .group         0x00000000        0x8 ./sdk/boards.o
 .group         0x00000000        0x8 ./sdk/boards.o
 .group         0x00000000        0x8 ./sdk/boards.o
 .group         0x00000000        0x8 ./sdk/boards.o
 .group         0x00000000        0x8 ./sdk/boards.o
 .group         0x00000000        0x8 ./sdk/boards.o
 .group         0x00000000        0x8 ./sdk/boards.o
 .group         0x00000000        0x8 ./sdk/boards.o
 .text          0x00000000        0x0 ./sdk/boards.o
 .data          0x00000000        0x0 ./sdk/boards.o
 .bss           0x00000000        0x0 ./sdk/boards.o
 .text.nrf_gpio_pin_out_read
                0x00000000       0x2c ./sdk/boards.o
 .text.nrf_gpio_port_out_read
                0x00000000       0x1c ./sdk/boards.o
 .text.bsp_board_led_state_get
                0x00000000       0x48 ./sdk/boards.o
 .text.bsp_board_leds_on
                0x00000000       0x28 ./sdk/boards.o
 .text.bsp_board_led_idx_to_pin
                0x00000000       0x20 ./sdk/boards.o
 .text.bsp_board_pin_to_led_idx
                0x00000000       0x48 ./sdk/boards.o
 .text.bsp_board_pin_to_button_idx
                0x00000000       0x48 ./sdk/boards.o
 .text.bsp_board_button_idx_to_pin
                0x00000000       0x20 ./sdk/boards.o
 .debug_macro   0x00000000       0x28 ./sdk/boards.o
 .debug_macro   0x00000000       0x2d ./sdk/boards.o
 .debug_macro   0x00000000       0x22 ./sdk/boards.o
 .debug_macro   0x00000000       0x44 ./sdk/boards.o
 .debug_macro   0x00000000       0xfd ./sdk/boards.o
 .debug_macro   0x00000000       0x5e ./sdk/boards.o
 .debug_macro   0x00000000      0x1df ./sdk/boards.o
 .debug_macro   0x00000000       0x50 ./sdk/boards.o
 .debug_macro   0x00000000      0x392 ./sdk/boards.o
 .debug_macro   0x00000000     0xcc76 ./sdk/boards.o
 .debug_macro   0x00000000     0x130f ./sdk/boards.o
 .debug_macro   0x00000000       0x82 ./sdk/boards.o
 .debug_macro   0x00000000       0x22 ./sdk/boards.o
 .debug_macro   0x00000000      0x296 ./sdk/boards.o
 .debug_macro   0x00000000       0x52 ./sdk/boards.o
 .debug_macro   0x00000000       0x35 ./sdk/boards.o
 .debug_macro   0x00000000       0x16 ./sdk/boards.o
 .debug_macro   0x00000000       0x10 ./sdk/boards.o
 .debug_macro   0x00000000       0x52 ./sdk/boards.o
 .debug_macro   0x00000000       0x1f ./sdk/boards.o
 .debug_macro   0x00000000       0x20 ./sdk/boards.o
 .debug_macro   0x00000000      0x187 ./sdk/boards.o
 .debug_macro   0x00000000       0x10 ./sdk/boards.o
 .debug_macro   0x00000000       0x1c ./sdk/boards.o
 .debug_macro   0x00000000       0x52 ./sdk/boards.o
 .debug_macro   0x00000000       0x40 ./sdk/boards.o
 .debug_macro   0x00000000       0x10 ./sdk/boards.o
 .debug_macro   0x00000000       0x40 ./sdk/boards.o
 .debug_macro   0x00000000       0xd7 ./sdk/boards.o
 .debug_macro   0x00000000       0x16 ./sdk/boards.o
 .debug_macro   0x00000000      0x18b ./sdk/boards.o
 .debug_macro   0x00000000       0x8e ./sdk/boards.o
 .debug_macro   0x00000000      0x320 ./sdk/boards.o
 .debug_macro   0x00000000       0x8e ./sdk/boards.o
 .debug_macro   0x00000000      0x16d ./sdk/boards.o
 .debug_macro   0x00000000       0x2b ./sdk/boards.o
 .debug_macro   0x00000000       0x10 ./sdk/boards.o
 .debug_macro   0x00000000       0x16 ./sdk/boards.o
 .debug_macro   0x00000000       0x16 ./sdk/boards.o
 .debug_macro   0x00000000       0x29 ./sdk/boards.o
 .debug_macro   0x00000000       0x16 ./sdk/boards.o
 .debug_macro   0x00000000      0x261 ./sdk/boards.o
 .debug_macro   0x00000000      0x115 ./sdk/boards.o
 .data          0x00000000        0x0 ./sdk/gcc_startup_nrf52.o
 .bss           0x00000000        0x0 ./sdk/gcc_startup_nrf52.o
 .group         0x00000000        0x8 ./sdk/system_nrf52.o
 .group         0x00000000        0x8 ./sdk/system_nrf52.o
 .group         0x00000000        0x8 ./sdk/system_nrf52.o
 .group         0x00000000        0x8 ./sdk/system_nrf52.o
 .group         0x00000000        0x8 ./sdk/system_nrf52.o
 .group         0x00000000        0x8 ./sdk/system_nrf52.o
 .group         0x00000000        0x8 ./sdk/system_nrf52.o
 .group         0x00000000        0x8 ./sdk/system_nrf52.o
 .group         0x00000000        0x8 ./sdk/system_nrf52.o
 .group         0x00000000        0x8 ./sdk/system_nrf52.o
 .group         0x00000000        0x8 ./sdk/system_nrf52.o
 .group         0x00000000        0x8 ./sdk/system_nrf52.o
 .group         0x00000000        0x8 ./sdk/system_nrf52.o
 .group         0x00000000        0x8 ./sdk/system_nrf52.o
 .group         0x00000000        0x8 ./sdk/system_nrf52.o
 .group         0x00000000        0x8 ./sdk/system_nrf52.o
 .group         0x00000000        0x8 ./sdk/system_nrf52.o
 .group         0x00000000        0x8 ./sdk/system_nrf52.o
 .text          0x00000000        0x0 ./sdk/system_nrf52.o
 .data          0x00000000        0x0 ./sdk/system_nrf52.o
 .bss           0x00000000        0x0 ./sdk/system_nrf52.o
 .debug_macro   0x00000000      0x892 ./sdk/system_nrf52.o
 .debug_macro   0x00000000       0x22 ./sdk/system_nrf52.o
 .debug_macro   0x00000000       0x87 ./sdk/system_nrf52.o
 .debug_macro   0x00000000       0x44 ./sdk/system_nrf52.o
 .debug_macro   0x00000000       0xfd ./sdk/system_nrf52.o
 .debug_macro   0x00000000       0x5e ./sdk/system_nrf52.o
 .debug_macro   0x00000000      0x1df ./sdk/system_nrf52.o
 .debug_macro   0x00000000       0x22 ./sdk/system_nrf52.o
 .debug_macro   0x00000000       0x28 ./sdk/system_nrf52.o
 .debug_macro   0x00000000       0x2d ./sdk/system_nrf52.o
 .debug_macro   0x00000000       0x3b ./sdk/system_nrf52.o
 .debug_macro   0x00000000       0x50 ./sdk/system_nrf52.o
 .debug_macro   0x00000000      0xe66 ./sdk/system_nrf52.o
 .debug_macro   0x00000000      0x392 ./sdk/system_nrf52.o
 .debug_macro   0x00000000     0xcc76 ./sdk/system_nrf52.o
 .debug_macro   0x00000000     0x130f ./sdk/system_nrf52.o
 .debug_macro   0x00000000       0x82 ./sdk/system_nrf52.o
 .debug_macro   0x00000000       0x22 ./sdk/system_nrf52.o
 .text          0x00000000        0x0 c:/nrf52/gnu tools arm embedded/5.4 2016q3/bin/../lib/gcc/arm-none-eabi/5.4.1/../../../../arm-none-eabi/lib/armv7e-m/fpu\libc_nano.a(lib_a-exit.o)
 .data          0x00000000        0x0 c:/nrf52/gnu tools arm embedded/5.4 2016q3/bin/../lib/gcc/arm-none-eabi/5.4.1/../../../../arm-none-eabi/lib/armv7e-m/fpu\libc_nano.a(lib_a-exit.o)
 .bss           0x00000000        0x0 c:/nrf52/gnu tools arm embedded/5.4 2016q3/bin/../lib/gcc/arm-none-eabi/5.4.1/../../../../arm-none-eabi/lib/armv7e-m/fpu\libc_nano.a(lib_a-exit.o)
 .text          0x00000000        0x0 c:/nrf52/gnu tools arm embedded/5.4 2016q3/bin/../lib/gcc/arm-none-eabi/5.4.1/../../../../arm-none-eabi/lib/armv7e-m/fpu\libc_nano.a(lib_a-impure.o)
 .data          0x00000000        0x0 c:/nrf52/gnu tools arm embedded/5.4 2016q3/bin/../lib/gcc/arm-none-eabi/5.4.1/../../../../arm-none-eabi/lib/armv7e-m/fpu\libc_nano.a(lib_a-impure.o)
 .bss           0x00000000        0x0 c:/nrf52/gnu tools arm embedded/5.4 2016q3/bin/../lib/gcc/arm-none-eabi/5.4.1/../../../../arm-none-eabi/lib/armv7e-m/fpu\libc_nano.a(lib_a-impure.o)
 .text          0x00000000        0x0 c:/nrf52/gnu tools arm embedded/5.4 2016q3/bin/../lib/gcc/arm-none-eabi/5.4.1/../../../../arm-none-eabi/lib/armv7e-m/fpu\libc_nano.a(lib_a-init.o)
 .data          0x00000000        0x0 c:/nrf52/gnu tools arm embedded/5.4 2016q3/bin/../lib/gcc/arm-none-eabi/5.4.1/../../../../arm-none-eabi/lib/armv7e-m/fpu\libc_nano.a(lib_a-init.o)
 .bss           0x00000000        0x0 c:/nrf52/gnu tools arm embedded/5.4 2016q3/bin/../lib/gcc/arm-none-eabi/5.4.1/../../../../arm-none-eabi/lib/armv7e-m/fpu\libc_nano.a(lib_a-init.o)
 .text          0x00000000        0x0 c:/nrf52/gnu tools arm embedded/5.4 2016q3/bin/../lib/gcc/arm-none-eabi/5.4.1/../../../../arm-none-eabi/lib/armv7e-m/fpu\libc_nano.a(lib_a-memset.o)
 .data          0x00000000        0x0 c:/nrf52/gnu tools arm embedded/5.4 2016q3/bin/../lib/gcc/arm-none-eabi/5.4.1/../../../../arm-none-eabi/lib/armv7e-m/fpu\libc_nano.a(lib_a-memset.o)
 .bss           0x00000000        0x0 c:/nrf52/gnu tools arm embedded/5.4 2016q3/bin/../lib/gcc/arm-none-eabi/5.4.1/../../../../arm-none-eabi/lib/armv7e-m/fpu\libc_nano.a(lib_a-memset.o)
 .data          0x00000000        0x0 c:/nrf52/gnu tools arm embedded/5.4 2016q3/bin/../lib/gcc/arm-none-eabi/5.4.1/armv7e-m/fpu\libgcc.a(unwind-arm.o)
 .bss           0x00000000        0x0 c:/nrf52/gnu tools arm embedded/5.4 2016q3/bin/../lib/gcc/arm-none-eabi/5.4.1/armv7e-m/fpu\libgcc.a(unwind-arm.o)
 .ARM.extab     0x00000000        0x0 c:/nrf52/gnu tools arm embedded/5.4 2016q3/bin/../lib/gcc/arm-none-eabi/5.4.1/armv7e-m/fpu\libgcc.a(unwind-arm.o)
 .debug_frame   0x00000000      0x2f4 c:/nrf52/gnu tools arm embedded/5.4 2016q3/bin/../lib/gcc/arm-none-eabi/5.4.1/armv7e-m/fpu\libgcc.a(unwind-arm.o)
 .ARM.attributes
                0x00000000       0x34 c:/nrf52/gnu tools arm embedded/5.4 2016q3/bin/../lib/gcc/arm-none-eabi/5.4.1/armv7e-m/fpu\libgcc.a(unwind-arm.o)
 .data          0x00000000        0x0 c:/nrf52/gnu tools arm embedded/5.4 2016q3/bin/../lib/gcc/arm-none-eabi/5.4.1/armv7e-m/fpu\libgcc.a(libunwind.o)
 .bss           0x00000000        0x0 c:/nrf52/gnu tools arm embedded/5.4 2016q3/bin/../lib/gcc/arm-none-eabi/5.4.1/armv7e-m/fpu\libgcc.a(libunwind.o)
 .ARM.attributes
                0x00000000       0x22 c:/nrf52/gnu tools arm embedded/5.4 2016q3/bin/../lib/gcc/arm-none-eabi/5.4.1/armv7e-m/fpu\libgcc.a(libunwind.o)
 .data          0x00000000        0x0 c:/nrf52/gnu tools arm embedded/5.4 2016q3/bin/../lib/gcc/arm-none-eabi/5.4.1/armv7e-m/fpu\libgcc.a(pr-support.o)
 .bss           0x00000000        0x0 c:/nrf52/gnu tools arm embedded/5.4 2016q3/bin/../lib/gcc/arm-none-eabi/5.4.1/armv7e-m/fpu\libgcc.a(pr-support.o)
 .debug_frame   0x00000000      0x104 c:/nrf52/gnu tools arm embedded/5.4 2016q3/bin/../lib/gcc/arm-none-eabi/5.4.1/armv7e-m/fpu\libgcc.a(pr-support.o)
 .ARM.attributes
                0x00000000       0x34 c:/nrf52/gnu tools arm embedded/5.4 2016q3/bin/../lib/gcc/arm-none-eabi/5.4.1/armv7e-m/fpu\libgcc.a(pr-support.o)
 .text          0x00000000        0x0 c:/nrf52/gnu tools arm embedded/5.4 2016q3/bin/../lib/gcc/arm-none-eabi/5.4.1/../../../../arm-none-eabi/lib/armv7e-m/fpu\libg_nano.a(lib_a-abort.o)
 .data          0x00000000        0x0 c:/nrf52/gnu tools arm embedded/5.4 2016q3/bin/../lib/gcc/arm-none-eabi/5.4.1/../../../../arm-none-eabi/lib/armv7e-m/fpu\libg_nano.a(lib_a-abort.o)
 .bss           0x00000000        0x0 c:/nrf52/gnu tools arm embedded/5.4 2016q3/bin/../lib/gcc/arm-none-eabi/5.4.1/../../../../arm-none-eabi/lib/armv7e-m/fpu\libg_nano.a(lib_a-abort.o)
 .debug_frame   0x00000000       0x28 c:/nrf52/gnu tools arm embedded/5.4 2016q3/bin/../lib/gcc/arm-none-eabi/5.4.1/../../../../arm-none-eabi/lib/armv7e-m/fpu\libg_nano.a(lib_a-abort.o)
 .ARM.attributes
                0x00000000       0x34 c:/nrf52/gnu tools arm embedded/5.4 2016q3/bin/../lib/gcc/arm-none-eabi/5.4.1/../../../../arm-none-eabi/lib/armv7e-m/fpu\libg_nano.a(lib_a-abort.o)
 .text          0x00000000        0x0 c:/nrf52/gnu tools arm embedded/5.4 2016q3/bin/../lib/gcc/arm-none-eabi/5.4.1/../../../../arm-none-eabi/lib/armv7e-m/fpu\libg_nano.a(lib_a-memcpy-stub.o)
 .data          0x00000000        0x0 c:/nrf52/gnu tools arm embedded/5.4 2016q3/bin/../lib/gcc/arm-none-eabi/5.4.1/../../../../arm-none-eabi/lib/armv7e-m/fpu\libg_nano.a(lib_a-memcpy-stub.o)
 .bss           0x00000000        0x0 c:/nrf52/gnu tools arm embedded/5.4 2016q3/bin/../lib/gcc/arm-none-eabi/5.4.1/../../../../arm-none-eabi/lib/armv7e-m/fpu\libg_nano.a(lib_a-memcpy-stub.o)
 .debug_frame   0x00000000       0x28 c:/nrf52/gnu tools arm embedded/5.4 2016q3/bin/../lib/gcc/arm-none-eabi/5.4.1/../../../../arm-none-eabi/lib/armv7e-m/fpu\libg_nano.a(lib_a-memcpy-stub.o)
 .ARM.attributes
                0x00000000       0x34 c:/nrf52/gnu tools arm embedded/5.4 2016q3/bin/../lib/gcc/arm-none-eabi/5.4.1/../../../../arm-none-eabi/lib/armv7e-m/fpu\libg_nano.a(lib_a-memcpy-stub.o)
 .text          0x00000000        0x0 c:/nrf52/gnu tools arm embedded/5.4 2016q3/bin/../lib/gcc/arm-none-eabi/5.4.1/../../../../arm-none-eabi/lib/armv7e-m/fpu\libg_nano.a(lib_a-signal.o)
 .data          0x00000000        0x0 c:/nrf52/gnu tools arm embedded/5.4 2016q3/bin/../lib/gcc/arm-none-eabi/5.4.1/../../../../arm-none-eabi/lib/armv7e-m/fpu\libg_nano.a(lib_a-signal.o)
 .bss           0x00000000        0x0 c:/nrf52/gnu tools arm embedded/5.4 2016q3/bin/../lib/gcc/arm-none-eabi/5.4.1/../../../../arm-none-eabi/lib/armv7e-m/fpu\libg_nano.a(lib_a-signal.o)
 .text._init_signal_r
                0x00000000       0x2c c:/nrf52/gnu tools arm embedded/5.4 2016q3/bin/../lib/gcc/arm-none-eabi/5.4.1/../../../../arm-none-eabi/lib/armv7e-m/fpu\libg_nano.a(lib_a-signal.o)
 .text._signal_r
                0x00000000       0x30 c:/nrf52/gnu tools arm embedded/5.4 2016q3/bin/../lib/gcc/arm-none-eabi/5.4.1/../../../../arm-none-eabi/lib/armv7e-m/fpu\libg_nano.a(lib_a-signal.o)
 .text.__sigtramp_r
                0x00000000       0x4a c:/nrf52/gnu tools arm embedded/5.4 2016q3/bin/../lib/gcc/arm-none-eabi/5.4.1/../../../../arm-none-eabi/lib/armv7e-m/fpu\libg_nano.a(lib_a-signal.o)
 .text.signal   0x00000000       0x10 c:/nrf52/gnu tools arm embedded/5.4 2016q3/bin/../lib/gcc/arm-none-eabi/5.4.1/../../../../arm-none-eabi/lib/armv7e-m/fpu\libg_nano.a(lib_a-signal.o)
 .text._init_signal
                0x00000000        0xc c:/nrf52/gnu tools arm embedded/5.4 2016q3/bin/../lib/gcc/arm-none-eabi/5.4.1/../../../../arm-none-eabi/lib/armv7e-m/fpu\libg_nano.a(lib_a-signal.o)
 .text.__sigtramp
                0x00000000       0x10 c:/nrf52/gnu tools arm embedded/5.4 2016q3/bin/../lib/gcc/arm-none-eabi/5.4.1/../../../../arm-none-eabi/lib/armv7e-m/fpu\libg_nano.a(lib_a-signal.o)
 .debug_frame   0x00000000       0xcc c:/nrf52/gnu tools arm embedded/5.4 2016q3/bin/../lib/gcc/arm-none-eabi/5.4.1/../../../../arm-none-eabi/lib/armv7e-m/fpu\libg_nano.a(lib_a-signal.o)
 .ARM.attributes
                0x00000000       0x34 c:/nrf52/gnu tools arm embedded/5.4 2016q3/bin/../lib/gcc/arm-none-eabi/5.4.1/../../../../arm-none-eabi/lib/armv7e-m/fpu\libg_nano.a(lib_a-signal.o)
 .text          0x00000000        0x0 c:/nrf52/gnu tools arm embedded/5.4 2016q3/bin/../lib/gcc/arm-none-eabi/5.4.1/../../../../arm-none-eabi/lib/armv7e-m/fpu\libg_nano.a(lib_a-signalr.o)
 .data          0x00000000        0x0 c:/nrf52/gnu tools arm embedded/5.4 2016q3/bin/../lib/gcc/arm-none-eabi/5.4.1/../../../../arm-none-eabi/lib/armv7e-m/fpu\libg_nano.a(lib_a-signalr.o)
 .bss           0x00000000        0x0 c:/nrf52/gnu tools arm embedded/5.4 2016q3/bin/../lib/gcc/arm-none-eabi/5.4.1/../../../../arm-none-eabi/lib/armv7e-m/fpu\libg_nano.a(lib_a-signalr.o)
 .debug_frame   0x00000000       0x3c c:/nrf52/gnu tools arm embedded/5.4 2016q3/bin/../lib/gcc/arm-none-eabi/5.4.1/../../../../arm-none-eabi/lib/armv7e-m/fpu\libg_nano.a(lib_a-signalr.o)
 .ARM.attributes
                0x00000000       0x34 c:/nrf52/gnu tools arm embedded/5.4 2016q3/bin/../lib/gcc/arm-none-eabi/5.4.1/../../../../arm-none-eabi/lib/armv7e-m/fpu\libg_nano.a(lib_a-signalr.o)
 .text          0x00000000        0x0 c:/nrf52/gnu tools arm embedded/5.4 2016q3/bin/../lib/gcc/arm-none-eabi/5.4.1/../../../../arm-none-eabi/lib/armv7e-m/fpu\libg_nano.a(lib_a-nano-mallocr.o)
 .data          0x00000000        0x0 c:/nrf52/gnu tools arm embedded/5.4 2016q3/bin/../lib/gcc/arm-none-eabi/5.4.1/../../../../arm-none-eabi/lib/armv7e-m/fpu\libg_nano.a(lib_a-nano-mallocr.o)
 .bss           0x00000000        0x0 c:/nrf52/gnu tools arm embedded/5.4 2016q3/bin/../lib/gcc/arm-none-eabi/5.4.1/../../../../arm-none-eabi/lib/armv7e-m/fpu\libg_nano.a(lib_a-nano-mallocr.o)
 .text._malloc_r
                0x00000000       0xbc c:/nrf52/gnu tools arm embedded/5.4 2016q3/bin/../lib/gcc/arm-none-eabi/5.4.1/../../../../arm-none-eabi/lib/armv7e-m/fpu\libg_nano.a(lib_a-nano-mallocr.o)
 .bss.__malloc_sbrk_start
                0x00000000        0x4 c:/nrf52/gnu tools arm embedded/5.4 2016q3/bin/../lib/gcc/arm-none-eabi/5.4.1/../../../../arm-none-eabi/lib/armv7e-m/fpu\libg_nano.a(lib_a-nano-mallocr.o)
 .bss.__malloc_free_list
                0x00000000        0x4 c:/nrf52/gnu tools arm embedded/5.4 2016q3/bin/../lib/gcc/arm-none-eabi/5.4.1/../../../../arm-none-eabi/lib/armv7e-m/fpu\libg_nano.a(lib_a-nano-mallocr.o)
 .debug_frame   0x00000000       0x2c c:/nrf52/gnu tools arm embedded/5.4 2016q3/bin/../lib/gcc/arm-none-eabi/5.4.1/../../../../arm-none-eabi/lib/armv7e-m/fpu\libg_nano.a(lib_a-nano-mallocr.o)
 .ARM.attributes
                0x00000000       0x34 c:/nrf52/gnu tools arm embedded/5.4 2016q3/bin/../lib/gcc/arm-none-eabi/5.4.1/../../../../arm-none-eabi/lib/armv7e-m/fpu\libg_nano.a(lib_a-nano-mallocr.o)
 .text          0x00000000        0x0 c:/nrf52/gnu tools arm embedded/5.4 2016q3/bin/../lib/gcc/arm-none-eabi/5.4.1/../../../../arm-none-eabi/lib/armv7e-m/fpu\libg_nano.a(lib_a-reent.o)
 .data          0x00000000        0x0 c:/nrf52/gnu tools arm embedded/5.4 2016q3/bin/../lib/gcc/arm-none-eabi/5.4.1/../../../../arm-none-eabi/lib/armv7e-m/fpu\libg_nano.a(lib_a-reent.o)
 .bss           0x00000000        0x0 c:/nrf52/gnu tools arm embedded/5.4 2016q3/bin/../lib/gcc/arm-none-eabi/5.4.1/../../../../arm-none-eabi/lib/armv7e-m/fpu\libg_nano.a(lib_a-reent.o)
 .text.cleanup_glue
                0x00000000       0x1a c:/nrf52/gnu tools arm embedded/5.4 2016q3/bin/../lib/gcc/arm-none-eabi/5.4.1/../../../../arm-none-eabi/lib/armv7e-m/fpu\libg_nano.a(lib_a-reent.o)
 .text._reclaim_reent
                0x00000000       0xb4 c:/nrf52/gnu tools arm embedded/5.4 2016q3/bin/../lib/gcc/arm-none-eabi/5.4.1/../../../../arm-none-eabi/lib/armv7e-m/fpu\libg_nano.a(lib_a-reent.o)
 .debug_frame   0x00000000       0x5c c:/nrf52/gnu tools arm embedded/5.4 2016q3/bin/../lib/gcc/arm-none-eabi/5.4.1/../../../../arm-none-eabi/lib/armv7e-m/fpu\libg_nano.a(lib_a-reent.o)
 .ARM.attributes
                0x00000000       0x34 c:/nrf52/gnu tools arm embedded/5.4 2016q3/bin/../lib/gcc/arm-none-eabi/5.4.1/../../../../arm-none-eabi/lib/armv7e-m/fpu\libg_nano.a(lib_a-reent.o)
 .text          0x00000000        0x0 c:/nrf52/gnu tools arm embedded/5.4 2016q3/bin/../lib/gcc/arm-none-eabi/5.4.1/../../../../arm-none-eabi/lib/armv7e-m/fpu\libg_nano.a(lib_a-sbrkr.o)
 .data          0x00000000        0x0 c:/nrf52/gnu tools arm embedded/5.4 2016q3/bin/../lib/gcc/arm-none-eabi/5.4.1/../../../../arm-none-eabi/lib/armv7e-m/fpu\libg_nano.a(lib_a-sbrkr.o)
 .bss           0x00000000        0x0 c:/nrf52/gnu tools arm embedded/5.4 2016q3/bin/../lib/gcc/arm-none-eabi/5.4.1/../../../../arm-none-eabi/lib/armv7e-m/fpu\libg_nano.a(lib_a-sbrkr.o)
 .text._sbrk_r  0x00000000       0x20 c:/nrf52/gnu tools arm embedded/5.4 2016q3/bin/../lib/gcc/arm-none-eabi/5.4.1/../../../../arm-none-eabi/lib/armv7e-m/fpu\libg_nano.a(lib_a-sbrkr.o)
 .debug_frame   0x00000000       0x2c c:/nrf52/gnu tools arm embedded/5.4 2016q3/bin/../lib/gcc/arm-none-eabi/5.4.1/../../../../arm-none-eabi/lib/armv7e-m/fpu\libg_nano.a(lib_a-sbrkr.o)
 .ARM.attributes
                0x00000000       0x34 c:/nrf52/gnu tools arm embedded/5.4 2016q3/bin/../lib/gcc/arm-none-eabi/5.4.1/../../../../arm-none-eabi/lib/armv7e-m/fpu\libg_nano.a(lib_a-sbrkr.o)
 .text          0x00000000        0x0 c:/nrf52/gnu tools arm embedded/5.4 2016q3/bin/../lib/gcc/arm-none-eabi/5.4.1/../../../../arm-none-eabi/lib/armv7e-m/fpu\libg_nano.a(lib_a-mlock.o)
 .data          0x00000000        0x0 c:/nrf52/gnu tools arm embedded/5.4 2016q3/bin/../lib/gcc/arm-none-eabi/5.4.1/../../../../arm-none-eabi/lib/armv7e-m/fpu\libg_nano.a(lib_a-mlock.o)
 .bss           0x00000000        0x0 c:/nrf52/gnu tools arm embedded/5.4 2016q3/bin/../lib/gcc/arm-none-eabi/5.4.1/../../../../arm-none-eabi/lib/armv7e-m/fpu\libg_nano.a(lib_a-mlock.o)
 .text.__malloc_lock
                0x00000000        0x2 c:/nrf52/gnu tools arm embedded/5.4 2016q3/bin/../lib/gcc/arm-none-eabi/5.4.1/../../../../arm-none-eabi/lib/armv7e-m/fpu\libg_nano.a(lib_a-mlock.o)
 .text.__malloc_unlock
                0x00000000        0x2 c:/nrf52/gnu tools arm embedded/5.4 2016q3/bin/../lib/gcc/arm-none-eabi/5.4.1/../../../../arm-none-eabi/lib/armv7e-m/fpu\libg_nano.a(lib_a-mlock.o)
 .debug_frame   0x00000000       0x30 c:/nrf52/gnu tools arm embedded/5.4 2016q3/bin/../lib/gcc/arm-none-eabi/5.4.1/../../../../arm-none-eabi/lib/armv7e-m/fpu\libg_nano.a(lib_a-mlock.o)
 .ARM.attributes
                0x00000000       0x34 c:/nrf52/gnu tools arm embedded/5.4 2016q3/bin/../lib/gcc/arm-none-eabi/5.4.1/../../../../arm-none-eabi/lib/armv7e-m/fpu\libg_nano.a(lib_a-mlock.o)
 .text          0x00000000        0x0 c:/nrf52/gnu tools arm embedded/5.4 2016q3/bin/../lib/gcc/arm-none-eabi/5.4.1/../../../../arm-none-eabi/lib/armv7e-m/fpu\libg_nano.a(lib_a-nano-freer.o)
 .data          0x00000000        0x0 c:/nrf52/gnu tools arm embedded/5.4 2016q3/bin/../lib/gcc/arm-none-eabi/5.4.1/../../../../arm-none-eabi/lib/armv7e-m/fpu\libg_nano.a(lib_a-nano-freer.o)
 .bss           0x00000000        0x0 c:/nrf52/gnu tools arm embedded/5.4 2016q3/bin/../lib/gcc/arm-none-eabi/5.4.1/../../../../arm-none-eabi/lib/armv7e-m/fpu\libg_nano.a(lib_a-nano-freer.o)
 .text._free_r  0x00000000       0x9c c:/nrf52/gnu tools arm embedded/5.4 2016q3/bin/../lib/gcc/arm-none-eabi/5.4.1/../../../../arm-none-eabi/lib/armv7e-m/fpu\libg_nano.a(lib_a-nano-freer.o)
 .debug_frame   0x00000000       0x38 c:/nrf52/gnu tools arm embedded/5.4 2016q3/bin/../lib/gcc/arm-none-eabi/5.4.1/../../../../arm-none-eabi/lib/armv7e-m/fpu\libg_nano.a(lib_a-nano-freer.o)
 .ARM.attributes
                0x00000000       0x34 c:/nrf52/gnu tools arm embedded/5.4 2016q3/bin/../lib/gcc/arm-none-eabi/5.4.1/../../../../arm-none-eabi/lib/armv7e-m/fpu\libg_nano.a(lib_a-nano-freer.o)
 .text          0x00000000        0x0 c:/nrf52/gnu tools arm embedded/5.4 2016q3/bin/../lib/gcc/arm-none-eabi/5.4.1/armv7e-m/fpu/crtend.o
 .data          0x00000000        0x0 c:/nrf52/gnu tools arm embedded/5.4 2016q3/bin/../lib/gcc/arm-none-eabi/5.4.1/armv7e-m/fpu/crtend.o
 .bss           0x00000000        0x0 c:/nrf52/gnu tools arm embedded/5.4 2016q3/bin/../lib/gcc/arm-none-eabi/5.4.1/armv7e-m/fpu/crtend.o
 .text          0x00000000        0x0 c:/nrf52/gnu tools arm embedded/5.4 2016q3/bin/../lib/gcc/arm-none-eabi/5.4.1/armv7e-m/fpu/crtn.o
 .data          0x00000000        0x0 c:/nrf52/gnu tools arm embedded/5.4 2016q3/bin/../lib/gcc/arm-none-eabi/5.4.1/armv7e-m/fpu/crtn.o
 .bss           0x00000000        0x0 c:/nrf52/gnu tools arm embedded/5.4 2016q3/bin/../lib/gcc/arm-none-eabi/5.4.1/armv7e-m/fpu/crtn.o
 .text          0x00000000        0x0 c:/nrf52/gnu tools arm embedded/5.4 2016q3/bin/../lib/gcc/arm-none-eabi/5.4.1/../../../../arm-none-eabi/lib/armv7e-m/fpu\libnosys.a(getpid.o)
 .data          0x00000000        0x0 c:/nrf52/gnu tools arm embedded/5.4 2016q3/bin/../lib/gcc/arm-none-eabi/5.4.1/../../../../arm-none-eabi/lib/armv7e-m/fpu\libnosys.a(getpid.o)
 .bss           0x00000000        0x0 c:/nrf52/gnu tools arm embedded/5.4 2016q3/bin/../lib/gcc/arm-none-eabi/5.4.1/../../../../arm-none-eabi/lib/armv7e-m/fpu\libnosys.a(getpid.o)
 .stab          0x00000000       0x24 c:/nrf52/gnu tools arm embedded/5.4 2016q3/bin/../lib/gcc/arm-none-eabi/5.4.1/../../../../arm-none-eabi/lib/armv7e-m/fpu\libnosys.a(getpid.o)
 .debug_frame   0x00000000       0x20 c:/nrf52/gnu tools arm embedded/5.4 2016q3/bin/../lib/gcc/arm-none-eabi/5.4.1/../../../../arm-none-eabi/lib/armv7e-m/fpu\libnosys.a(getpid.o)
 .ARM.attributes
                0x00000000       0x34 c:/nrf52/gnu tools arm embedded/5.4 2016q3/bin/../lib/gcc/arm-none-eabi/5.4.1/../../../../arm-none-eabi/lib/armv7e-m/fpu\libnosys.a(getpid.o)
 .text          0x00000000        0x0 c:/nrf52/gnu tools arm embedded/5.4 2016q3/bin/../lib/gcc/arm-none-eabi/5.4.1/../../../../arm-none-eabi/lib/armv7e-m/fpu\libnosys.a(kill.o)
 .data          0x00000000        0x0 c:/nrf52/gnu tools arm embedded/5.4 2016q3/bin/../lib/gcc/arm-none-eabi/5.4.1/../../../../arm-none-eabi/lib/armv7e-m/fpu\libnosys.a(kill.o)
 .bss           0x00000000        0x0 c:/nrf52/gnu tools arm embedded/5.4 2016q3/bin/../lib/gcc/arm-none-eabi/5.4.1/../../../../arm-none-eabi/lib/armv7e-m/fpu\libnosys.a(kill.o)
 .stab          0x00000000       0x18 c:/nrf52/gnu tools arm embedded/5.4 2016q3/bin/../lib/gcc/arm-none-eabi/5.4.1/../../../../arm-none-eabi/lib/armv7e-m/fpu\libnosys.a(kill.o)
                                 0x24 (size before relaxing)
 .debug_frame   0x00000000       0x20 c:/nrf52/gnu tools arm embedded/5.4 2016q3/bin/../lib/gcc/arm-none-eabi/5.4.1/../../../../arm-none-eabi/lib/armv7e-m/fpu\libnosys.a(kill.o)
 .ARM.attributes
                0x00000000       0x34 c:/nrf52/gnu tools arm embedded/5.4 2016q3/bin/../lib/gcc/arm-none-eabi/5.4.1/../../../../arm-none-eabi/lib/armv7e-m/fpu\libnosys.a(kill.o)
 .text          0x00000000        0x0 c:/nrf52/gnu tools arm embedded/5.4 2016q3/bin/../lib/gcc/arm-none-eabi/5.4.1/../../../../arm-none-eabi/lib/armv7e-m/fpu\libnosys.a(sbrk.o)
 .data          0x00000000        0x0 c:/nrf52/gnu tools arm embedded/5.4 2016q3/bin/../lib/gcc/arm-none-eabi/5.4.1/../../../../arm-none-eabi/lib/armv7e-m/fpu\libnosys.a(sbrk.o)
 .bss           0x00000000        0x0 c:/nrf52/gnu tools arm embedded/5.4 2016q3/bin/../lib/gcc/arm-none-eabi/5.4.1/../../../../arm-none-eabi/lib/armv7e-m/fpu\libnosys.a(sbrk.o)
 .text._sbrk    0x00000000       0x1c c:/nrf52/gnu tools arm embedded/5.4 2016q3/bin/../lib/gcc/arm-none-eabi/5.4.1/../../../../arm-none-eabi/lib/armv7e-m/fpu\libnosys.a(sbrk.o)
 .bss.heap_end.4169
                0x00000000        0x4 c:/nrf52/gnu tools arm embedded/5.4 2016q3/bin/../lib/gcc/arm-none-eabi/5.4.1/../../../../arm-none-eabi/lib/armv7e-m/fpu\libnosys.a(sbrk.o)
 .debug_frame   0x00000000       0x20 c:/nrf52/gnu tools arm embedded/5.4 2016q3/bin/../lib/gcc/arm-none-eabi/5.4.1/../../../../arm-none-eabi/lib/armv7e-m/fpu\libnosys.a(sbrk.o)
 .ARM.attributes
                0x00000000       0x34 c:/nrf52/gnu tools arm embedded/5.4 2016q3/bin/../lib/gcc/arm-none-eabi/5.4.1/../../../../arm-none-eabi/lib/armv7e-m/fpu\libnosys.a(sbrk.o)
 .text          0x00000000        0x0 c:/nrf52/gnu tools arm embedded/5.4 2016q3/bin/../lib/gcc/arm-none-eabi/5.4.1/../../../../arm-none-eabi/lib/armv7e-m/fpu\libnosys.a(_exit.o)
 .data          0x00000000        0x0 c:/nrf52/gnu tools arm embedded/5.4 2016q3/bin/../lib/gcc/arm-none-eabi/5.4.1/../../../../arm-none-eabi/lib/armv7e-m/fpu\libnosys.a(_exit.o)
 .bss           0x00000000        0x0 c:/nrf52/gnu tools arm embedded/5.4 2016q3/bin/../lib/gcc/arm-none-eabi/5.4.1/../../../../arm-none-eabi/lib/armv7e-m/fpu\libnosys.a(_exit.o)

Memory Configuration

Name             Origin             Length             Attributes
FLASH            0x00000000         0x00080000         xr
RAM              0x20000000         0x00010000         xrw
*default*        0x00000000         0xffffffff

Linker script and memory map


.text           0x00000000     0x1eec
 *(.isr_vector)
 .isr_vector    0x00000000      0x400 ./sdk/gcc_startup_nrf52.o
                0x00000000                __isr_vector
 *(.text*)
 .text          0x00000400       0x5c c:/nrf52/gnu tools arm embedded/5.4 2016q3/bin/../lib/gcc/arm-none-eabi/5.4.1/armv7e-m/fpu/crtbegin.o
 .text          0x0000045c       0x74 c:/nrf52/gnu tools arm embedded/5.4 2016q3/bin/../lib/gcc/arm-none-eabi/5.4.1/../../../../arm-none-eabi/lib/armv7e-m/fpu/crt0.o
                0x0000045c                _start
                0x0000045c                _mainCRTStartup
 .text.nrf_delay_us
                0x000004d0       0xa8 ./src/main.o
 .text.nrf_delay_ms
                0x00000578       0x20 ./src/main.o
 .text.main     0x00000598       0xc8 ./src/main.o
                0x00000598                main
 .text.nrf_gpio_pin_port_decode
                0x00000660       0x18 ./sdk/boards.o
 .text.nrf_gpio_cfg
                0x00000678       0x54 ./sdk/boards.o
 .text.nrf_gpio_cfg_output
                0x000006cc       0x24 ./sdk/boards.o
 .text.nrf_gpio_cfg_input
                0x000006f0       0x2c ./sdk/boards.o
 .text.nrf_gpio_pin_set
                0x0000071c       0x2c ./sdk/boards.o
 .text.nrf_gpio_pin_clear
                0x00000748       0x2c ./sdk/boards.o
 .text.nrf_gpio_pin_toggle
                0x00000774       0x48 ./sdk/boards.o
 .text.nrf_gpio_pin_write
                0x000007bc       0x28 ./sdk/boards.o
 .text.nrf_gpio_pin_read
                0x000007e4       0x2c ./sdk/boards.o
 .text.nrf_gpio_port_in_read
                0x00000810       0x1c ./sdk/boards.o
 .text.nrf_gpio_port_out_set
                0x0000082c       0x20 ./sdk/boards.o
 .text.nrf_gpio_port_out_clear
                0x0000084c       0x20 ./sdk/boards.o
 .text.bsp_board_led_on
                0x0000086c       0x24 ./sdk/boards.o
                0x0000086c                bsp_board_led_on
 .text.bsp_board_led_off
                0x00000890       0x24 ./sdk/boards.o
                0x00000890                bsp_board_led_off
 .text.bsp_board_leds_off
                0x000008b4       0x28 ./sdk/boards.o
                0x000008b4                bsp_board_leds_off
 .text.bsp_board_led_invert
                0x000008dc       0x24 ./sdk/boards.o
                0x000008dc                bsp_board_led_invert
 .text.bsp_board_leds_init
                0x00000900       0x38 ./sdk/boards.o
                0x00000900                bsp_board_leds_init
 .text.bsp_board_button_state_get
                0x00000938       0x48 ./sdk/boards.o
                0x00000938                bsp_board_button_state_get
 .text.bsp_board_buttons_init
                0x00000980       0x34 ./sdk/boards.o
                0x00000980                bsp_board_buttons_init
 .text          0x000009b4       0x3c ./sdk/gcc_startup_nrf52.o
                0x000009b4                Reset_Handler
                0x000009dc                NMI_Handler
                0x000009de                HardFault_Handler
                0x000009e0                MemoryManagement_Handler
                0x000009e2                BusFault_Handler
                0x000009e4                UsageFault_Handler
                0x000009e6                SVC_Handler
                0x000009e8                DebugMon_Handler
                0x000009ea                PendSV_Handler
                0x000009ec                SysTick_Handler
                0x000009ee                SWI0_EGU0_IRQHandler
                0x000009ee                POWER_CLOCK_IRQHandler
                0x000009ee                RADIO_IRQHandler
                0x000009ee                PDM_IRQHandler
                0x000009ee                TEMP_IRQHandler
                0x000009ee                QDEC_IRQHandler
                0x000009ee                TIMER3_IRQHandler
                0x000009ee                FPU_IRQHandler
                0x000009ee                SPIM0_SPIS0_TWIM0_TWIS0_SPI0_TWI0_IRQHandler
                0x000009ee                GPIOTE_IRQHandler
                0x000009ee                PWM1_IRQHandler
                0x000009ee                TIMER4_IRQHandler
                0x000009ee                RTC0_IRQHandler
                0x000009ee                SWI4_EGU4_IRQHandler
                0x000009ee                TIMER0_IRQHandler
                0x000009ee                SWI2_EGU2_IRQHandler
                0x000009ee                TIMER1_IRQHandler
                0x000009ee                PWM2_IRQHandler
                0x000009ee                ECB_IRQHandler
                0x000009ee                SPIM1_SPIS1_TWIM1_TWIS1_SPI1_TWI1_IRQHandler
                0x000009ee                Default_Handler
                0x000009ee                SAADC_IRQHandler
                0x000009ee                CCM_AAR_IRQHandler
                0x000009ee                WDT_IRQHandler
                0x000009ee                UARTE0_UART0_IRQHandler
                0x000009ee                SWI5_EGU5_IRQHandler
                0x000009ee                RNG_IRQHandler
                0x000009ee                RTC2_IRQHandler
                0x000009ee                PWM0_IRQHandler
                0x000009ee                SWI3_EGU3_IRQHandler
                0x000009ee                RTC1_IRQHandler
                0x000009ee                SWI1_EGU1_IRQHandler
                0x000009ee                SPIM2_SPIS2_SPI2_IRQHandler
                0x000009ee                NFCT_IRQHandler
                0x000009ee                I2S_IRQHandler
                0x000009ee                MWU_IRQHandler
                0x000009ee                TIMER2_IRQHandler
                0x000009ee                COMP_LPCOMP_IRQHandler
 .text.SystemCoreClockUpdate
                0x000009f0       0x1c ./sdk/system_nrf52.o
                0x000009f0                SystemCoreClockUpdate
 .text.SystemInit
                0x00000a0c      0x204 ./sdk/system_nrf52.o
                0x00000a0c                SystemInit
 .text.errata_16
                0x00000c10       0x44 ./sdk/system_nrf52.o
 .text.errata_31
                0x00000c54       0x64 ./sdk/system_nrf52.o
 .text.errata_32
                0x00000cb8       0x44 ./sdk/system_nrf52.o
 .text.errata_36
                0x00000cfc       0x64 ./sdk/system_nrf52.o
 .text.errata_37
                0x00000d60       0x44 ./sdk/system_nrf52.o
 .text.errata_57
                0x00000da4       0x44 ./sdk/system_nrf52.o
 .text.errata_66
                0x00000de8       0x44 ./sdk/system_nrf52.o
 .text.errata_108
                0x00000e2c       0x64 ./sdk/system_nrf52.o
 .text.exit     0x00000e90       0x28 c:/nrf52/gnu tools arm embedded/5.4 2016q3/bin/../lib/gcc/arm-none-eabi/5.4.1/../../../../arm-none-eabi/lib/armv7e-m/fpu\libc_nano.a(lib_a-exit.o)
                0x00000e90                exit
 .text.__libc_init_array
                0x00000eb8       0x4c c:/nrf52/gnu tools arm embedded/5.4 2016q3/bin/../lib/gcc/arm-none-eabi/5.4.1/../../../../arm-none-eabi/lib/armv7e-m/fpu\libc_nano.a(lib_a-init.o)
                0x00000eb8                __libc_init_array
 .text.memset   0x00000f04       0x10 c:/nrf52/gnu tools arm embedded/5.4 2016q3/bin/../lib/gcc/arm-none-eabi/5.4.1/../../../../arm-none-eabi/lib/armv7e-m/fpu\libc_nano.a(lib_a-memset.o)
                0x00000f04                memset
 .text          0x00000f14      0x9dc c:/nrf52/gnu tools arm embedded/5.4 2016q3/bin/../lib/gcc/arm-none-eabi/5.4.1/armv7e-m/fpu\libgcc.a(unwind-arm.o)
                0x000011d0                _Unwind_GetCFA
                0x000011d4                __gnu_Unwind_RaiseException
                0x00001234                __gnu_Unwind_ForcedUnwind
                0x00001248                __gnu_Unwind_Resume
                0x0000128c                __gnu_Unwind_Resume_or_Rethrow
                0x0000129c                _Unwind_Complete
                0x000012a0                _Unwind_DeleteException
                0x000012ac                _Unwind_VRS_Get
                0x000012f8                _Unwind_VRS_Set
                0x00001348                __gnu_Unwind_Backtrace
                0x00001694                __aeabi_unwind_cpp_pr0
                0x00001698                __aeabi_unwind_cpp_pr1
                0x0000169c                __aeabi_unwind_cpp_pr2
                0x000016a0                _Unwind_VRS_Pop
 .text          0x000018f0      0x1ac c:/nrf52/gnu tools arm embedded/5.4 2016q3/bin/../lib/gcc/arm-none-eabi/5.4.1/armv7e-m/fpu\libgcc.a(libunwind.o)
                0x000018f0                __restore_core_regs
                0x000018f0                restore_core_regs
                0x00001908                __gnu_Unwind_Restore_VFP
                0x00001910                __gnu_Unwind_Save_VFP
                0x00001918                __gnu_Unwind_Restore_VFP_D
                0x00001920                __gnu_Unwind_Save_VFP_D
                0x00001928                __gnu_Unwind_Restore_VFP_D_16_to_31
                0x00001930                __gnu_Unwind_Save_VFP_D_16_to_31
                0x00001938                __gnu_Unwind_Restore_WMMXD
                0x0000197c                __gnu_Unwind_Save_WMMXD
                0x000019c0                __gnu_Unwind_Restore_WMMXC
                0x000019d4                __gnu_Unwind_Save_WMMXC
                0x000019e8                ___Unwind_RaiseException
                0x000019e8                _Unwind_RaiseException
                0x00001a0c                _Unwind_Resume
                0x00001a0c                ___Unwind_Resume
                0x00001a30                _Unwind_Resume_or_Rethrow
                0x00001a30                ___Unwind_Resume_or_Rethrow
                0x00001a54                _Unwind_ForcedUnwind
                0x00001a54                ___Unwind_ForcedUnwind
                0x00001a78                ___Unwind_Backtrace
                0x00001a78                _Unwind_Backtrace
 .text          0x00001a9c      0x354 c:/nrf52/gnu tools arm embedded/5.4 2016q3/bin/../lib/gcc/arm-none-eabi/5.4.1/armv7e-m/fpu\libgcc.a(pr-support.o)
                0x00001af4                __gnu_unwind_execute
                0x00001d98                __gnu_unwind_frame
                0x00001dc0                _Unwind_GetRegionStart
                0x00001dcc                _Unwind_GetLanguageSpecificData
                0x00001de0                _Unwind_GetTextRelBase
                0x00001de8                _Unwind_GetDataRelBase
 .text.abort    0x00001df0        0xe c:/nrf52/gnu tools arm embedded/5.4 2016q3/bin/../lib/gcc/arm-none-eabi/5.4.1/../../../../arm-none-eabi/lib/armv7e-m/fpu\libg_nano.a(lib_a-abort.o)
                0x00001df0                abort
 .text.memcpy   0x00001dfe       0x16 c:/nrf52/gnu tools arm embedded/5.4 2016q3/bin/../lib/gcc/arm-none-eabi/5.4.1/../../../../arm-none-eabi/lib/armv7e-m/fpu\libg_nano.a(lib_a-memcpy-stub.o)
                0x00001dfe                memcpy
 .text._raise_r
                0x00001e14       0x54 c:/nrf52/gnu tools arm embedded/5.4 2016q3/bin/../lib/gcc/arm-none-eabi/5.4.1/../../../../arm-none-eabi/lib/armv7e-m/fpu\libg_nano.a(lib_a-signal.o)
                0x00001e14                _raise_r
 .text.raise    0x00001e68       0x10 c:/nrf52/gnu tools arm embedded/5.4 2016q3/bin/../lib/gcc/arm-none-eabi/5.4.1/../../../../arm-none-eabi/lib/armv7e-m/fpu\libg_nano.a(lib_a-signal.o)
                0x00001e68                raise
 .text._kill_r  0x00001e78       0x24 c:/nrf52/gnu tools arm embedded/5.4 2016q3/bin/../lib/gcc/arm-none-eabi/5.4.1/../../../../arm-none-eabi/lib/armv7e-m/fpu\libg_nano.a(lib_a-signalr.o)
                0x00001e78                _kill_r
 .text._getpid_r
                0x00001e9c        0x4 c:/nrf52/gnu tools arm embedded/5.4 2016q3/bin/../lib/gcc/arm-none-eabi/5.4.1/../../../../arm-none-eabi/lib/armv7e-m/fpu\libg_nano.a(lib_a-signalr.o)
                0x00001e9c                _getpid_r
 .text._getpid  0x00001ea0       0x10 c:/nrf52/gnu tools arm embedded/5.4 2016q3/bin/../lib/gcc/arm-none-eabi/5.4.1/../../../../arm-none-eabi/lib/armv7e-m/fpu\libnosys.a(getpid.o)
                0x00001ea0                _getpid
 .text._kill    0x00001eb0       0x10 c:/nrf52/gnu tools arm embedded/5.4 2016q3/bin/../lib/gcc/arm-none-eabi/5.4.1/../../../../arm-none-eabi/lib/armv7e-m/fpu\libnosys.a(kill.o)
                0x00001eb0                _kill
 .text._exit    0x00001ec0        0x4 c:/nrf52/gnu tools arm embedded/5.4 2016q3/bin/../lib/gcc/arm-none-eabi/5.4.1/../../../../arm-none-eabi/lib/armv7e-m/fpu\libnosys.a(_exit.o)
                0x00001ec0                _exit
 *(.init)
 .init          0x00001ec4        0x4 c:/nrf52/gnu tools arm embedded/5.4 2016q3/bin/../lib/gcc/arm-none-eabi/5.4.1/armv7e-m/fpu/crti.o
                0x00001ec4                _init
 .init          0x00001ec8        0x8 c:/nrf52/gnu tools arm embedded/5.4 2016q3/bin/../lib/gcc/arm-none-eabi/5.4.1/armv7e-m/fpu/crtn.o
 *(.fini)
 .fini          0x00001ed0        0x4 c:/nrf52/gnu tools arm embedded/5.4 2016q3/bin/../lib/gcc/arm-none-eabi/5.4.1/armv7e-m/fpu/crti.o
                0x00001ed0                _fini
 .fini          0x00001ed4        0x8 c:/nrf52/gnu tools arm embedded/5.4 2016q3/bin/../lib/gcc/arm-none-eabi/5.4.1/armv7e-m/fpu/crtn.o
 *crtbegin.o(.ctors)
 *crtbegin?.o(.ctors)
 *(EXCLUDE_FILE(*crtend.o *crtend?.o) .ctors)
 *(SORT(.ctors.*))
 *(.ctors)
 *crtbegin.o(.dtors)
 *crtbegin?.o(.dtors)
 *(EXCLUDE_FILE(*crtend.o *crtend?.o) .dtors)
 *(SORT(.dtors.*))
 *(.dtors)
 *(.rodata*)
 .rodata.m_board_led_list
                0x00001edc        0x4 ./sdk/boards.o
 .rodata.m_board_btn_list
                0x00001ee0        0x4 ./sdk/boards.o
 .rodata._global_impure_ptr
                0x00001ee4        0x4 c:/nrf52/gnu tools arm embedded/5.4 2016q3/bin/../lib/gcc/arm-none-eabi/5.4.1/../../../../arm-none-eabi/lib/armv7e-m/fpu\libc_nano.a(lib_a-impure.o)
                0x00001ee4                _global_impure_ptr
 *(.eh_frame*)
 .eh_frame      0x00001ee8        0x0 c:/nrf52/gnu tools arm embedded/5.4 2016q3/bin/../lib/gcc/arm-none-eabi/5.4.1/armv7e-m/fpu/crtbegin.o
 .eh_frame      0x00001ee8        0x4 c:/nrf52/gnu tools arm embedded/5.4 2016q3/bin/../lib/gcc/arm-none-eabi/5.4.1/armv7e-m/fpu/crtend.o

.glue_7         0x00001eec        0x0
 .glue_7        0x00001eec        0x0 linker stubs

.glue_7t        0x00001eec        0x0
 .glue_7t       0x00001eec        0x0 linker stubs

.vfp11_veneer   0x00001eec        0x0
 .vfp11_veneer  0x00001eec        0x0 linker stubs

.v4_bx          0x00001eec        0x0
 .v4_bx         0x00001eec        0x0 linker stubs

.iplt           0x00001eec        0x0
 .iplt          0x00001eec        0x0 c:/nrf52/gnu tools arm embedded/5.4 2016q3/bin/../lib/gcc/arm-none-eabi/5.4.1/armv7e-m/fpu/crtbegin.o

.ARM.extab      0x00001eec       0x24
 *(.ARM.extab* .gnu.linkonce.armextab.*)
 .ARM.extab.text.main
                0x00001eec        0xc ./src/main.o
 .ARM.extab     0x00001ef8       0x18 c:/nrf52/gnu tools arm embedded/5.4 2016q3/bin/../lib/gcc/arm-none-eabi/5.4.1/armv7e-m/fpu\libgcc.a(pr-support.o)
                0x00001f10                __exidx_start = .

.ARM.exidx      0x00001f10       0xc8
 *(.ARM.exidx* .gnu.linkonce.armexidx.*)
 .ARM.exidx     0x00001f10        0x8 c:/nrf52/gnu tools arm embedded/5.4 2016q3/bin/../lib/gcc/arm-none-eabi/5.4.1/../../../../arm-none-eabi/lib/armv7e-m/fpu/crt0.o
 .ARM.exidx.text.nrf_delay_us
                0x00001f18        0x0 ./src/main.o
                                  0x8 (size before relaxing)
 .ARM.exidx.text.nrf_delay_ms
                0x00001f18        0x0 ./src/main.o
                                  0x8 (size before relaxing)
 .ARM.exidx.text.main
                0x00001f18       0x10 ./src/main.o
                                  0x8 (size before relaxing)
 .ARM.exidx     0x00001f28       0x78 c:/nrf52/gnu tools arm embedded/5.4 2016q3/bin/../lib/gcc/arm-none-eabi/5.4.1/armv7e-m/fpu\libgcc.a(unwind-arm.o)
                                 0xd8 (size before relaxing)
 .ARM.exidx     0x00001fa0       0x38 c:/nrf52/gnu tools arm embedded/5.4 2016q3/bin/../lib/gcc/arm-none-eabi/5.4.1/armv7e-m/fpu\libgcc.a(pr-support.o)
                                 0x48 (size before relaxing)
                0x00001fd8                __exidx_end = .
                0x00001fd8                __etext = .

.rel.dyn        0x00001fd8        0x0
 .rel.iplt      0x00001fd8        0x0 c:/nrf52/gnu tools arm embedded/5.4 2016q3/bin/../lib/gcc/arm-none-eabi/5.4.1/armv7e-m/fpu/crtbegin.o

.data           0x20000000       0x74 load address 0x00001fd8
                0x20000000                __data_start__ = .
 *(vtable)
 *(.data*)
 .data.SystemCoreClock
                0x20000000        0x4 ./sdk/system_nrf52.o
                0x20000000                SystemCoreClock
 .data.impure_data
                0x20000004       0x60 c:/nrf52/gnu tools arm embedded/5.4 2016q3/bin/../lib/gcc/arm-none-eabi/5.4.1/../../../../arm-none-eabi/lib/armv7e-m/fpu\libc_nano.a(lib_a-impure.o)
 .data._impure_ptr
                0x20000064        0x4 c:/nrf52/gnu tools arm embedded/5.4 2016q3/bin/../lib/gcc/arm-none-eabi/5.4.1/../../../../arm-none-eabi/lib/armv7e-m/fpu\libc_nano.a(lib_a-impure.o)
                0x20000064                _impure_ptr
                0x20000068                . = ALIGN (0x4)
                0x20000068                PROVIDE (__preinit_array_start, .)
 *(.preinit_array)
                0x20000068                PROVIDE (__preinit_array_end, .)
                0x20000068                . = ALIGN (0x4)
                0x20000068                PROVIDE (__init_array_start, .)
 *(SORT(.init_array.*))
 *(.init_array)
 .init_array    0x20000068        0x4 c:/nrf52/gnu tools arm embedded/5.4 2016q3/bin/../lib/gcc/arm-none-eabi/5.4.1/armv7e-m/fpu/crtbegin.o
                0x2000006c                PROVIDE (__init_array_end, .)
                0x2000006c                . = ALIGN (0x4)
                [!provide]                PROVIDE (__fini_array_start, .)
 *(SORT(.fini_array.*))
 *(.fini_array)
 .fini_array    0x2000006c        0x4 c:/nrf52/gnu tools arm embedded/5.4 2016q3/bin/../lib/gcc/arm-none-eabi/5.4.1/armv7e-m/fpu/crtbegin.o
                [!provide]                PROVIDE (__fini_array_end, .)
 *(.jcr*)
 .jcr           0x20000070        0x0 c:/nrf52/gnu tools arm embedded/5.4 2016q3/bin/../lib/gcc/arm-none-eabi/5.4.1/armv7e-m/fpu/crtbegin.o
 .jcr           0x20000070        0x4 c:/nrf52/gnu tools arm embedded/5.4 2016q3/bin/../lib/gcc/arm-none-eabi/5.4.1/armv7e-m/fpu/crtend.o
                0x20000074                . = ALIGN (0x4)
                0x20000074                __data_end__ = .
LOAD c:/nrf52/gnu tools arm embedded/5.4 2016q3/bin/../lib/gcc/arm-none-eabi/5.4.1/armv7e-m/fpu/crti.o
LOAD c:/nrf52/gnu tools arm embedded/5.4 2016q3/bin/../lib/gcc/arm-none-eabi/5.4.1/armv7e-m/fpu/crtbegin.o
LOAD c:/nrf52/gnu tools arm embedded/5.4 2016q3/bin/../lib/gcc/arm-none-eabi/5.4.1/../../../../arm-none-eabi/lib/armv7e-m/fpu/crt0.o
LOAD ./src/main.o
LOAD ./sdk/boards.o
LOAD ./sdk/gcc_startup_nrf52.o
LOAD ./sdk/system_nrf52.o
LOAD c:/nrf52/gnu tools arm embedded/5.4 2016q3/bin/../lib/gcc/arm-none-eabi/5.4.1/../../../../arm-none-eabi/lib/armv7e-m/fpu\libnosys.a
LOAD c:/nrf52/gnu tools arm embedded/5.4 2016q3/bin/../lib/gcc/arm-none-eabi/5.4.1/../../../../arm-none-eabi/lib/armv7e-m/fpu\libstdc++_nano.a
LOAD c:/nrf52/gnu tools arm embedded/5.4 2016q3/bin/../lib/gcc/arm-none-eabi/5.4.1/../../../../arm-none-eabi/lib/armv7e-m/fpu\libm.a
LOAD c:/nrf52/gnu tools arm embedded/5.4 2016q3/bin/../lib/gcc/arm-none-eabi/5.4.1/../../../../arm-none-eabi/lib/armv7e-m/fpu\libc_nano.a
START GROUP
LOAD c:/nrf52/gnu tools arm embedded/5.4 2016q3/bin/../lib/gcc/arm-none-eabi/5.4.1/armv7e-m/fpu\libgcc.a
LOAD c:/nrf52/gnu tools arm embedded/5.4 2016q3/bin/../lib/gcc/arm-none-eabi/5.4.1/../../../../arm-none-eabi/lib/armv7e-m/fpu\libg_nano.a
LOAD c:/nrf52/gnu tools arm embedded/5.4 2016q3/bin/../lib/gcc/arm-none-eabi/5.4.1/../../../../arm-none-eabi/lib/armv7e-m/fpu\libc_nano.a
END GROUP
START GROUP
LOAD c:/nrf52/gnu tools arm embedded/5.4 2016q3/bin/../lib/gcc/arm-none-eabi/5.4.1/armv7e-m/fpu\libgcc.a
LOAD c:/nrf52/gnu tools arm embedded/5.4 2016q3/bin/../lib/gcc/arm-none-eabi/5.4.1/../../../../arm-none-eabi/lib/armv7e-m/fpu\libc_nano.a
END GROUP
LOAD c:/nrf52/gnu tools arm embedded/5.4 2016q3/bin/../lib/gcc/arm-none-eabi/5.4.1/armv7e-m/fpu/crtend.o
LOAD c:/nrf52/gnu tools arm embedded/5.4 2016q3/bin/../lib/gcc/arm-none-eabi/5.4.1/armv7e-m/fpu/crtn.o
START GROUP
LOAD c:/nrf52/gnu tools arm embedded/5.4 2016q3/bin/../lib/gcc/arm-none-eabi/5.4.1/armv7e-m/fpu\libgcc.a
LOAD c:/nrf52/gnu tools arm embedded/5.4 2016q3/bin/../lib/gcc/arm-none-eabi/5.4.1/../../../../arm-none-eabi/lib/armv7e-m/fpu\libc.a
LOAD c:/nrf52/gnu tools arm embedded/5.4 2016q3/bin/../lib/gcc/arm-none-eabi/5.4.1/../../../../arm-none-eabi/lib/armv7e-m/fpu\libnosys.a
END GROUP

.igot.plt       0x20000074        0x0 load address 0x0000204c
 .igot.plt      0x20000074        0x0 c:/nrf52/gnu tools arm embedded/5.4 2016q3/bin/../lib/gcc/arm-none-eabi/5.4.1/armv7e-m/fpu/crtbegin.o

.fs_data        0x20000074        0x0
                [!provide]                PROVIDE (__start_fs_data, .)
 *(.fs_data)
                [!provide]                PROVIDE (__stop_fs_data, .)

.pwr_mgmt_data  0x20000074        0x0
                [!provide]                PROVIDE (__start_pwr_mgmt_data, .)
 *(.pwr_mgmt_data)
                [!provide]                PROVIDE (__stop_pwr_mgmt_data, .)

.bss            0x20000074       0x20 load address 0x0000204c
                0x20000074                . = ALIGN (0x4)
                0x20000074                __bss_start__ = .
 *(.bss*)
 .bss           0x20000074       0x1c c:/nrf52/gnu tools arm embedded/5.4 2016q3/bin/../lib/gcc/arm-none-eabi/5.4.1/armv7e-m/fpu/crtbegin.o
 *(COMMON)
 COMMON         0x20000090        0x4 c:/nrf52/gnu tools arm embedded/5.4 2016q3/bin/../lib/gcc/arm-none-eabi/5.4.1/../../../../arm-none-eabi/lib/armv7e-m/fpu\libg_nano.a(lib_a-reent.o)
                0x20000090                errno
                0x20000094                . = ALIGN (0x4)
                0x20000094                __bss_end__ = .

.heap           0x20000098     0x2000
                0x20000098                __HeapBase = .
                0x20000098                __end__ = .
                0x20000098                PROVIDE (end, .)
 *(.heap*)
 .heap          0x20000098     0x2000 ./sdk/gcc_startup_nrf52.o
                0x20002098                __HeapLimit = .

.stack_dummy    0x20000098     0x2000
 *(.stack*)
 .stack         0x20000098     0x2000 ./sdk/gcc_startup_nrf52.o
                0x20010000                __StackTop = (ORIGIN (RAM) + LENGTH (RAM))
                0x2000e000                __StackLimit = (__StackTop - SIZEOF (.stack_dummy))
                0x20010000                PROVIDE (__stack, __StackTop)
                0x00000001                ASSERT ((__StackLimit >= __HeapLimit), region RAM overflowed with stack)
OUTPUT(nrf52RTcpp.elf elf32-littlearm)

.ARM.attributes
                0x00000000       0x30
 .ARM.attributes
                0x00000000       0x22 c:/nrf52/gnu tools arm embedded/5.4 2016q3/bin/../lib/gcc/arm-none-eabi/5.4.1/armv7e-m/fpu/crti.o
 .ARM.attributes
                0x00000022       0x34 c:/nrf52/gnu tools arm embedded/5.4 2016q3/bin/../lib/gcc/arm-none-eabi/5.4.1/armv7e-m/fpu/crtbegin.o
 .ARM.attributes
                0x00000056       0x20 c:/nrf52/gnu tools arm embedded/5.4 2016q3/bin/../lib/gcc/arm-none-eabi/5.4.1/../../../../arm-none-eabi/lib/armv7e-m/fpu/crt0.o
 .ARM.attributes
                0x00000076       0x39 ./src/main.o
 .ARM.attributes
                0x000000af       0x39 ./sdk/boards.o
 .ARM.attributes
                0x000000e8       0x20 ./sdk/gcc_startup_nrf52.o
 .ARM.attributes
                0x00000108       0x39 ./sdk/system_nrf52.o
 .ARM.attributes
                0x00000141       0x34 c:/nrf52/gnu tools arm embedded/5.4 2016q3/bin/../lib/gcc/arm-none-eabi/5.4.1/../../../../arm-none-eabi/lib/armv7e-m/fpu\libc_nano.a(lib_a-exit.o)
 .ARM.attributes
                0x00000175       0x34 c:/nrf52/gnu tools arm embedded/5.4 2016q3/bin/../lib/gcc/arm-none-eabi/5.4.1/../../../../arm-none-eabi/lib/armv7e-m/fpu\libc_nano.a(lib_a-impure.o)
 .ARM.attributes
                0x000001a9       0x34 c:/nrf52/gnu tools arm embedded/5.4 2016q3/bin/../lib/gcc/arm-none-eabi/5.4.1/../../../../arm-none-eabi/lib/armv7e-m/fpu\libc_nano.a(lib_a-init.o)
 .ARM.attributes
                0x000001dd       0x34 c:/nrf52/gnu tools arm embedded/5.4 2016q3/bin/../lib/gcc/arm-none-eabi/5.4.1/../../../../arm-none-eabi/lib/armv7e-m/fpu\libc_nano.a(lib_a-memset.o)
 .ARM.attributes
                0x00000211       0x34 c:/nrf52/gnu tools arm embedded/5.4 2016q3/bin/../lib/gcc/arm-none-eabi/5.4.1/armv7e-m/fpu/crtend.o
 .ARM.attributes
                0x00000245       0x22 c:/nrf52/gnu tools arm embedded/5.4 2016q3/bin/../lib/gcc/arm-none-eabi/5.4.1/armv7e-m/fpu/crtn.o
 .ARM.attributes
                0x00000267       0x34 c:/nrf52/gnu tools arm embedded/5.4 2016q3/bin/../lib/gcc/arm-none-eabi/5.4.1/../../../../arm-none-eabi/lib/armv7e-m/fpu\libnosys.a(_exit.o)

.comment        0x00000000       0x6e
 .comment       0x00000000       0x6e ./src/main.o
                                 0x6f (size before relaxing)
 .comment       0x0000006e       0x6f ./sdk/boards.o
 .comment       0x0000006e       0x6f ./sdk/system_nrf52.o

.debug_info     0x00000000     0x1650
 .debug_info    0x00000000      0x1cb ./src/main.o
 .debug_info    0x000001cb      0x887 ./sdk/boards.o
 .debug_info    0x00000a52       0xdd ./sdk/gcc_startup_nrf52.o
 .debug_info    0x00000b2f      0xb21 ./sdk/system_nrf52.o

.debug_abbrev   0x00000000      0x4a1
 .debug_abbrev  0x00000000      0x10a ./src/main.o
 .debug_abbrev  0x0000010a      0x1fb ./sdk/boards.o
 .debug_abbrev  0x00000305       0x14 ./sdk/gcc_startup_nrf52.o
 .debug_abbrev  0x00000319      0x188 ./sdk/system_nrf52.o

.debug_aranges  0x00000000      0x1a8
 .debug_aranges
                0x00000000       0x30 ./src/main.o
 .debug_aranges
                0x00000030       0xf0 ./sdk/boards.o
 .debug_aranges
                0x00000120       0x20 ./sdk/gcc_startup_nrf52.o
 .debug_aranges
                0x00000140       0x68 ./sdk/system_nrf52.o

.debug_ranges   0x00000000      0x158
 .debug_ranges  0x00000000       0x20 ./src/main.o
 .debug_ranges  0x00000020       0xe0 ./sdk/boards.o
 .debug_ranges  0x00000100       0x58 ./sdk/system_nrf52.o

.debug_macro    0x00000000    0x13dbf
 .debug_macro   0x00000000      0x303 ./src/main.o
 .debug_macro   0x00000303      0x946 ./src/main.o
 .debug_macro   0x00000c49       0x16 ./src/main.o
 .debug_macro   0x00000c5f       0x1c ./src/main.o
 .debug_macro   0x00000c7b       0x22 ./src/main.o
 .debug_macro   0x00000c9d       0x87 ./src/main.o
 .debug_macro   0x00000d24       0x44 ./src/main.o
 .debug_macro   0x00000d68       0xfd ./src/main.o
 .debug_macro   0x00000e65       0x5e ./src/main.o
 .debug_macro   0x00000ec3      0x1df ./src/main.o
 .debug_macro   0x000010a2       0x28 ./src/main.o
 .debug_macro   0x000010ca       0x2d ./src/main.o
 .debug_macro   0x000010f7       0x3b ./src/main.o
 .debug_macro   0x00001132       0x50 ./src/main.o
 .debug_macro   0x00001182      0xe66 ./src/main.o
 .debug_macro   0x00001fe8      0x392 ./src/main.o
 .debug_macro   0x0000237a     0xcc76 ./src/main.o
 .debug_macro   0x0000eff0     0x130f ./src/main.o
 .debug_macro   0x000102ff       0x82 ./src/main.o
 .debug_macro   0x00010381       0x22 ./src/main.o
 .debug_macro   0x000103a3      0x296 ./src/main.o
 .debug_macro   0x00010639       0x52 ./src/main.o
 .debug_macro   0x0001068b       0x35 ./src/main.o
 .debug_macro   0x000106c0       0x9c ./src/main.o
 .debug_macro   0x0001075c       0x16 ./src/main.o
 .debug_macro   0x00010772       0x97 ./src/main.o
 .debug_macro   0x00010809      0x337 ./src/main.o
 .debug_macro   0x00010b40      0x104 ./src/main.o
 .debug_macro   0x00010c44       0x10 ./src/main.o
 .debug_macro   0x00010c54       0x52 ./src/main.o
 .debug_macro   0x00010ca6       0x1f ./src/main.o
 .debug_macro   0x00010cc5       0x43 ./src/main.o
 .debug_macro   0x00010d08       0x20 ./src/main.o
 .debug_macro   0x00010d28      0x187 ./src/main.o
 .debug_macro   0x00010eaf       0x10 ./src/main.o
 .debug_macro   0x00010ebf       0x1c ./src/main.o
 .debug_macro   0x00010edb       0x52 ./src/main.o
 .debug_macro   0x00010f2d       0x40 ./src/main.o
 .debug_macro   0x00010f6d       0x10 ./src/main.o
 .debug_macro   0x00010f7d       0x40 ./src/main.o
 .debug_macro   0x00010fbd       0xd7 ./src/main.o
 .debug_macro   0x00011094       0x16 ./src/main.o
 .debug_macro   0x000110aa      0x18b ./src/main.o
 .debug_macro   0x00011235       0x8e ./src/main.o
 .debug_macro   0x000112c3      0x320 ./src/main.o
 .debug_macro   0x000115e3       0x8e ./src/main.o
 .debug_macro   0x00011671      0x16d ./src/main.o
 .debug_macro   0x000117de       0x2b ./src/main.o
 .debug_macro   0x00011809       0x10 ./src/main.o
 .debug_macro   0x00011819       0x16 ./src/main.o
 .debug_macro   0x0001182f       0x35 ./src/main.o
 .debug_macro   0x00011864       0x16 ./src/main.o
 .debug_macro   0x0001187a       0x29 ./src/main.o
 .debug_macro   0x000118a3       0x16 ./src/main.o
 .debug_macro   0x000118b9      0x261 ./src/main.o
 .debug_macro   0x00011b1a      0x115 ./src/main.o
 .debug_macro   0x00011c2f      0x2f4 ./sdk/boards.o
 .debug_macro   0x00011f23      0x892 ./sdk/boards.o
 .debug_macro   0x000127b5       0x87 ./sdk/boards.o
 .debug_macro   0x0001283c       0x35 ./sdk/boards.o
 .debug_macro   0x00012871      0xe66 ./sdk/boards.o
 .debug_macro   0x000136d7       0x9c ./sdk/boards.o
 .debug_macro   0x00013773       0x97 ./sdk/boards.o
 .debug_macro   0x0001380a      0x330 ./sdk/boards.o
 .debug_macro   0x00013b3a       0xf6 ./sdk/boards.o
 .debug_macro   0x00013c30       0x43 ./sdk/boards.o
 .debug_macro   0x00013c73       0x22 ./sdk/boards.o
 .debug_macro   0x00013c95       0x35 ./sdk/boards.o
 .debug_macro   0x00013cca       0xf5 ./sdk/system_nrf52.o

.debug_line     0x00000000     0x1765
 .debug_line    0x00000000      0x811 ./src/main.o
 .debug_line    0x00000811      0x9ae ./sdk/boards.o
 .debug_line    0x000011bf       0xba ./sdk/gcc_startup_nrf52.o
 .debug_line    0x00001279      0x4ec ./sdk/system_nrf52.o

.debug_str      0x00000000    0x62773
 .debug_str     0x00000000    0x61b3c ./src/main.o
                              0x626ad (size before relaxing)
 .debug_str     0x00061b3c      0x86b ./sdk/boards.o
                              0x62819 (size before relaxing)
 .debug_str     0x000623a7      0x3cc ./sdk/system_nrf52.o
                              0x5b92c (size before relaxing)

.debug_frame    0x00000000      0x65c
 .debug_frame   0x00000000       0x7c ./src/main.o
 .debug_frame   0x0000007c      0x400 ./sdk/boards.o
 .debug_frame   0x0000047c      0x14c ./sdk/system_nrf52.o
 .debug_frame   0x000005c8       0x28 c:/nrf52/gnu tools arm embedded/5.4 2016q3/bin/../lib/gcc/arm-none-eabi/5.4.1/../../../../arm-none-eabi/lib/armv7e-m/fpu\libc_nano.a(lib_a-exit.o)
 .debug_frame   0x000005f0       0x2c c:/nrf52/gnu tools arm embedded/5.4 2016q3/bin/../lib/gcc/arm-none-eabi/5.4.1/../../../../arm-none-eabi/lib/armv7e-m/fpu\libc_nano.a(lib_a-init.o)
 .debug_frame   0x0000061c       0x20 c:/nrf52/gnu tools arm embedded/5.4 2016q3/bin/../lib/gcc/arm-none-eabi/5.4.1/../../../../arm-none-eabi/lib/armv7e-m/fpu\libc_nano.a(lib_a-memset.o)
 .debug_frame   0x0000063c       0x20 c:/nrf52/gnu tools arm embedded/5.4 2016q3/bin/../lib/gcc/arm-none-eabi/5.4.1/../../../../arm-none-eabi/lib/armv7e-m/fpu\libnosys.a(_exit.o)

.stabstr        0x00000000       0x76
 .stabstr       0x00000000       0x76 c:/nrf52/gnu tools arm embedded/5.4 2016q3/bin/../lib/gcc/arm-none-eabi/5.4.1/../../../../arm-none-eabi/lib/armv7e-m/fpu\libnosys.a(getpid.o)
